// Vitest Snapshot v1

exports[`basic > multiplication 1`] = `25`;
